{"Count":3,"Items":[{"log_id":{"S":"logologo"},"time":{"S":"2015-07-29T06:06:31Z"},"id":{"S":"f5778462-35b7-11e5-9810-0242ac11001d"},"bin":{"B":{"type":"Buffer","data":[105,166,154]}},"aaa":{"S":"bbbb"},"log":{"S":"logdfdfologo"}},{"log_id":{"S":"logologo"},"time":{"S":"2015-07-29T06:06:31Z"},"id":{"S":"f579f968-35b7-11e5-bda4-0242ac11001d"},"aaa":{"S":"bbbb"},"log":{"S":"logdfdfologo"}},{"log_id":{"S":"logologo"},"time":{"S":"2015-07-29T06:06:28Z"},"id":{"S":"f3aeabce-35b7-11e5-bda4-0242ac11001d"},"aaa":{"S":"bbbb"},"log":{"S":"logdfdfologo"}}],"ScannedCount":3}
{"Count":3,"Items":[{"log_id":{"S":"logologo"},"time":{"S":"2015-07-29T06:06:31Z"},"id":{"S":"f5778462-35b7-11e5-9810-0242ac11001d"},"bin":{"B":{"type":"Buffer","data":[105,166,154]}},"aaa":{"S":"bbbb"},"log":{"S":"logdfdfologo"}},{"log_id":{"S":"logologo"},"time":{"S":"2015-07-29T06:06:31Z"},"id":{"S":"f579f968-35b7-11e5-bda4-0242ac11001d"},"aaa":{"S":"bbbb"},"log":{"S":"logdfdfologo"}},{"log_id":{"S":"logologo"},"time":{"S":"2015-07-29T06:06:28Z"},"id":{"S":"f3aeabce-35b7-11e5-bda4-0242ac11001d"},"aaa":{"S":"bbbb"},"log":{"S":"logdfdfologo"}}],"ScannedCount":3}